Client Project Workflow
 [ ] Complete end to end workflow

